rh_credential_describe      destructive=false mode=none
rh_credential_set           destructive=true mode=ask
rh_credential_unset         destructive=false mode=none
rh_run                      destructive=false mode=allow
rh_run_bg                   destructive=false mode=allow
rh_settings_get             destructive=false mode=none
rh_settings_set             destructive=false mode=none
rh_store_delete             destructive=true mode=deny
rh_store_get                destructive=false mode=none
rh_store_list               destructive=false mode=none
rh_store_put                destructive=false mode=none
rh_task_create              destructive=false mode=none
rh_task_delete              destructive=false mode=none
rh_task_list                destructive=false mode=none
rh_task_next                destructive=false mode=none
rh_task_update              destructive=false mode=none
